interactions:
- request:
    body: null
    headers:
      Accept:
      - '*/*'
      Accept-Encoding:
      - gzip, deflate
      Connection:
      - keep-alive
      Content-type:
      - application/json
      PRIVATE-TOKEN:
      - gySnkuzLBziyxdSBHNBy
      User-Agent:
      - python-gitlab/2.7.1
    method: GET
    uri: http://127.0.0.1:3000/api/v4/projects/test%2Ftest_from_helm
  response:
    body:
      string: '{"id":26,"description":"","name":"test_from_helm","name_with_namespace":"test
        / test_from_helm","path":"test_from_helm","path_with_namespace":"test/test_from_helm","created_at":"2021-05-26T09:37:06.282Z","default_branch":null,"tag_list":[],"ssh_url_to_repo":"ssh://git@127.0.0.1:2222/test/test_from_helm.git","http_url_to_repo":"http://127.0.0.1:3000/test/test_from_helm.git","web_url":"http://127.0.0.1:3000/test/test_from_helm","readme_url":null,"avatar_url":null,"forks_count":0,"star_count":0,"last_activity_at":"2021-05-26T09:37:06.282Z","namespace":{"id":109,"name":"test","path":"test","kind":"group","full_path":"test","parent_id":null,"avatar_url":null,"web_url":"http://127.0.0.1:3000/groups/test"},"_links":{"self":"http://127.0.0.1:3000/api/v4/projects/26","issues":"http://127.0.0.1:3000/api/v4/projects/26/issues","merge_requests":"http://127.0.0.1:3000/api/v4/projects/26/merge_requests","repo_branches":"http://127.0.0.1:3000/api/v4/projects/26/repository/branches","labels":"http://127.0.0.1:3000/api/v4/projects/26/labels","events":"http://127.0.0.1:3000/api/v4/projects/26/events","members":"http://127.0.0.1:3000/api/v4/projects/26/members"},"packages_enabled":true,"empty_repo":true,"archived":false,"visibility":"private","resolve_outdated_diff_discussions":false,"container_registry_enabled":true,"container_expiration_policy":{"cadence":"1d","enabled":false,"keep_n":10,"older_than":"90d","name_regex":".*","name_regex_keep":null,"next_run_at":"2021-05-27T09:37:06.538Z"},"issues_enabled":true,"merge_requests_enabled":true,"wiki_enabled":true,"jobs_enabled":true,"snippets_enabled":true,"service_desk_enabled":false,"service_desk_address":null,"can_create_merge_request_in":true,"issues_access_level":"enabled","repository_access_level":"enabled","merge_requests_access_level":"enabled","forking_access_level":"enabled","wiki_access_level":"enabled","builds_access_level":"enabled","snippets_access_level":"enabled","pages_access_level":"private","operations_access_level":"enabled","analytics_access_level":"enabled","emails_disabled":null,"shared_runners_enabled":true,"lfs_enabled":true,"creator_id":1,"import_status":"none","import_error":null,"open_issues_count":0,"runners_token":"cjtPpgxD5xGSCziNQ4id","ci_default_git_depth":50,"ci_forward_deployment_enabled":true,"public_jobs":true,"build_git_strategy":"fetch","build_timeout":3600,"auto_cancel_pending_pipelines":"enabled","build_coverage_regex":null,"ci_config_path":null,"shared_with_groups":[],"only_allow_merge_if_pipeline_succeeds":false,"allow_merge_on_skipped_pipeline":null,"restrict_user_defined_variables":false,"request_access_enabled":true,"only_allow_merge_if_all_discussions_are_resolved":false,"remove_source_branch_after_merge":true,"printing_merge_request_link_enabled":true,"merge_method":"merge","suggestion_commit_message":null,"auto_devops_enabled":true,"auto_devops_deploy_strategy":"continuous","autoclose_referenced_issues":true,"repository_storage":"default","requirements_enabled":null,"security_and_compliance_enabled":true,"compliance_frameworks":[],"permissions":{"project_access":null,"group_access":{"access_level":50,"notification_level":3}}}'
    headers:
      Cache-Control:
      - max-age=0, private, must-revalidate
      Content-Type:
      - application/json
      Date:
      - Wed, 26 May 2021 13:32:41 GMT
      Etag:
      - W/"b3c5bd5da141dbdd30639bde00fc0c6d"
      Transfer-Encoding:
      - chunked
      Vary:
      - Origin
      X-Content-Type-Options:
      - nosniff
      X-Frame-Options:
      - SAMEORIGIN
      X-Gitlab-Feature-Category:
      - projects
      X-Request-Id:
      - 01F6ME13ZA3FYPAMHSXS44RPN2
      X-Runtime:
      - '1.701866'
    status:
      code: 200
      message: OK
- request:
    body: null
    headers:
      Accept:
      - '*/*'
      Accept-Encoding:
      - gzip, deflate
      Connection:
      - keep-alive
      User-Agent:
      - python-requests/2.25.1
    method: GET
    uri: https://charts.rook.io/release/index.yaml
  response:
    body:
      string: "apiVersion: v1\nentries:\n  rook-ceph:\n  - apiVersion: v2\n    created:
        \"2021-05-21T00:30:59.389594493Z\"\n    description: File, Block, and Object
        Storage Services for your Cloud-Native Environment\n    digest: 6222bd67b32acb5de87e47020a2ef887318ccea210d7bad918b51e3e51dac197\n
        \   icon: https://rook.io/images/rook-logo.svg\n    name: rook-ceph\n    sources:\n
        \   - https://github.com/rook/rook\n    urls:\n    - https://charts.rook.io/release/rook-ceph-v1.6.3.tgz\n
        \   version: v1.6.3\n  - apiVersion: v2\n    created: \"2021-05-21T00:30:59.385557312Z\"\n
        \   description: File, Block, and Object Storage Services for your Cloud-Native
        Environment\n    digest: a2437cf158e7b4ebaecd991d4e29a8836b84919115387c601202ca0ee873cef1\n
        \   icon: https://rook.io/images/rook-logo.svg\n    name: rook-ceph\n    sources:\n
        \   - https://github.com/rook/rook\n    urls:\n    - https://charts.rook.io/release/rook-ceph-v1.6.2.tgz\n
        \   version: v1.6.2\n  - apiVersion: v1\n    created: \"2021-05-21T00:30:59.314580348Z\"\n    description:
        File, Block, and Object Storage Services for your Cloud-Native Environment\n
        \   digest: 6f1c280b177e42c970e9593e20b2bdc7c2f191fdb532cb1b3e16db84c0100a6e\n
        \   icon: https://rook.io/images/logos/rook/rook-logo-color-on-transparent.png\n
        \   name: rook-ceph\n    sources:\n    - https://github.com/rook/rook\n    urls:\n
        \   - https://charts.rook.io/release/rook-ceph-v1.0.0.tgz\n    version: v1.0.0\ngenerated:
        \"2021-05-21T00:30:59.313771209Z\"\n"
    headers:
      Accept-Ranges:
      - bytes
      Age:
      - '216'
      Connection:
      - keep-alive
      Content-Length:
      - '25875'
      Content-Type:
      - binary/octet-stream
      Date:
      - Wed, 26 May 2021 13:31:16 GMT
      ETag:
      - '"009e144c7de035494d718df9e177aa44"'
      Last-Modified:
      - Fri, 21 May 2021 00:31:00 GMT
      Server:
      - AmazonS3
      Via:
      - 1.1 442140e40576f40d5aa1ef69d1669f8d.cloudfront.net (CloudFront)
      X-Amz-Cf-Id:
      - xQdtZnsAL4cXpC2vwgqX4Os_H6PDILxGGaBu6zIP8jSAlakxiES1wQ==
      X-Amz-Cf-Pop:
      - CDG52-P2
      X-Cache:
      - Hit from cloudfront
    status:
      code: 200
      message: OK
- request:
    body: null
    headers:
      Accept:
      - '*/*'
      Accept-Encoding:
      - gzip, deflate
      Connection:
      - keep-alive
      User-Agent:
      - python-requests/2.25.1
    method: HEAD
    uri: https://charts.rook.io/release/rook-ceph-v1.6.3.tgz
  response:
    body:
      string: ''
    headers:
      Accept-Ranges:
      - bytes
      Age:
      - '54440'
      Connection:
      - keep-alive
      Content-Length:
      - '71318'
      Content-Type:
      - application/x-tar
      Date:
      - Tue, 25 May 2021 22:25:23 GMT
      ETag:
      - '"6a738eea383e99102de3437bfab72b0f"'
      Last-Modified:
      - Fri, 21 May 2021 00:31:00 GMT
      Server:
      - AmazonS3
      Via:
      - 1.1 5b23e906a0b30aeeaaccd141aadaa56d.cloudfront.net (CloudFront)
      X-Amz-Cf-Id:
      - 9SUcuHs7x5yuf4YNCVrOAT7AYuOGPxu5kzRzjUb5dpuBcxp8uB8RfA==
      X-Amz-Cf-Pop:
      - CDG52-P2
      X-Cache:
      - Hit from cloudfront
    status:
      code: 200
      message: OK
- request:
    body: null
    headers:
      Accept:
      - '*/*'
      Accept-Encoding:
      - gzip, deflate
      Authorization:
      - Basic cGVyc29uYWwtYWNjZXNzLXRva2VuOmd5U25rdXpMQnppeXhkU0JITkJ5
      Connection:
      - keep-alive
      User-Agent:
      - python-requests/2.25.1
    method: HEAD
    uri: http://127.0.0.1:3000/api/v4/projects/test%2Ftest_from_helm/packages/helm/stable/charts/rook-ceph-v1.6.3.tgz
  response:
    body:
      string: ''
    headers:
      Cache-Control:
      - no-cache
      Content-Type:
      - application/json
      Date:
      - Wed, 26 May 2021 13:32:44 GMT
      Vary:
      - Origin
      X-Request-Id:
      - 01F6ME16NQ2SNRSTXSP11RR75X
      X-Runtime:
      - '1.470529'
    status:
      code: 404
      message: Not Found
- request:
    body: null
    headers:
      Accept:
      - '*/*'
      Accept-Encoding:
      - gzip, deflate
      Connection:
      - keep-alive
      User-Agent:
      - python-requests/2.25.1
    method: GET
    uri: https://charts.rook.io/release/rook-ceph-v1.6.3.tgz
  response:
    body:
      string: Tarball content
    headers:
      Accept-Ranges:
      - bytes
      Age:
      - '54442'
      Connection:
      - keep-alive
      Content-Length:
      - '71318'
      Content-Type:
      - application/x-tar
      Date:
      - Tue, 25 May 2021 22:25:23 GMT
      ETag:
      - '"6a738eea383e99102de3437bfab72b0f"'
      Last-Modified:
      - Fri, 21 May 2021 00:31:00 GMT
      Server:
      - AmazonS3
      Via:
      - 1.1 5b23e906a0b30aeeaaccd141aadaa56d.cloudfront.net (CloudFront)
      X-Amz-Cf-Id:
      - -gGALO0tqD6aSg1rl8KnAqdtshVdYS-dyYgIDf0KTF75k-XaytMDcg==
      X-Amz-Cf-Pop:
      - CDG52-P2
      X-Cache:
      - Hit from cloudfront
    status:
      code: 200
      message: OK
- request:
    body: "--de1ed7a3902eb49bdc944f9d82ae1e79\r\nContent-Disposition: form-data; name=\"chart\";
      filename=\"rook-ceph-v1.6.3.tgz\"\r\n\r\nTarball content\r\n--de1ed7a3902eb49bdc944f9d82ae1e79--\r\n"
    headers:
      Accept:
      - '*/*'
      Accept-Encoding:
      - gzip, deflate
      Authorization:
      - Basic cGVyc29uYWwtYWNjZXNzLXRva2VuOmd5U25rdXpMQnppeXhkU0JITkJ5
      Connection:
      - keep-alive
      Content-Length:
      - '71460'
      Content-Type:
      - multipart/form-data; boundary=de1ed7a3902eb49bdc944f9d82ae1e79
      User-Agent:
      - python-requests/2.25.1
    method: POST
    uri: http://127.0.0.1:3000/api/v4/projects/test%2Ftest_from_helm/packages/helm/api/stable/charts
  response:
    body:
      string: '{"message":"201 Created"}'
    headers:
      Cache-Control:
      - max-age=0, private, must-revalidate
      Content-Length:
      - '25'
      Content-Type:
      - application/json
      Date:
      - Wed, 26 May 2021 13:32:46 GMT
      Etag:
      - W/"6025f9a740871d09d0230776e3dbc7bf"
      Vary:
      - Origin
      X-Content-Type-Options:
      - nosniff
      X-Frame-Options:
      - SAMEORIGIN
      X-Gitlab-Feature-Category:
      - package_registry
      X-Request-Id:
      - 01F6ME18FFD04NBTZM2ZSCXMX1
      X-Runtime:
      - '1.282368'
    status:
      code: 201
      message: Created
version: 1
